
> portfolio@0.1.0 build
> next build

Γû▓ Next.js 16.2.4 (Turbopack)

  Creating an optimized production build ...
npm.cmd : 
At line:1 char:1
+ npm.cmd run build > build_output.txt 2>&1
+ ~~~~~~~~~~~~~~~~~~~~~~~~~~~~~~~~~~~~~~~~~
    + CategoryInfo          : NotSpecified: (:String) [], RemoteException
    + FullyQualifiedErrorId : NativeCommandError
 
> Build error occurred
Error: Turbopack build failed with 16 errors:
./src/components/ToolsGrid.tsx:4:1
Export Figma doesn't exist in target module
  [90m2 |[0m ...
  [90m3 |[0m ... { motion } [36mfrom[0m [32m"framer-motion"[0m;
[31m[1m>[0m [90m4 |[0m ... { [33mBarChart3[0m, [33mFigma[0m, [33mLayers[0m, [33mLinkedin[0m, 
[33mPalette[0m, [33mTarget[0m, [33mVideo[0m, [33mBookOpen[0m } [36mfrom[0m [32m"lucide-r...[0m
  [90m  |[0m    
[31m[1m^^^^^^^^^^^^^^^^^^^^^^^^^^^^^^^^^^^^^^^^^^^^^^^^^^^^^^^^^^^^^^^^^^^^^^^^^^^^^^^^^^^^^^^^^^^[0m
  [90m5 |[0m ...
  [90m6 |[0m ...tools = [
  [90m7 |[0m ...me: [32m"Meta Ads"[0m, icon: <[33mTarget[0m className=[32m"w-6 h-6"[0m /> },

The export Figma was not found in module [project]/node_modules/lucide-react/dist/esm/lucide-react.mjs [app-client] 
(ecmascript).
Did you mean to import Sigma?
All exports of the module are statically known (It doesn't have dynamic exports). So it's known statically that the 
requested export doesn't exist.

Import trace:
  Server Component:
    ./src/components/ToolsGrid.tsx
    ./src/app/page.tsx


./src/components/ToolsGrid.tsx:4:1
Export Figma doesn't exist in target module
  [90m2 |[0m ...
  [90m3 |[0m ... { motion } [36mfrom[0m [32m"framer-motion"[0m;
[31m[1m>[0m [90m4 |[0m ... { [33mBarChart3[0m, [33mFigma[0m, [33mLayers[0m, [33mLinkedin[0m, 
[33mPalette[0m, [33mTarget[0m, [33mVideo[0m, [33mBookOpen[0m } [36mfrom[0m [32m"lucide-r...[0m
  [90m  |[0m    
[31m[1m^^^^^^^^^^^^^^^^^^^^^^^^^^^^^^^^^^^^^^^^^^^^^^^^^^^^^^^^^^^^^^^^^^^^^^^^^^^^^^^^^^^^^^^^^^^[0m
  [90m5 |[0m ...
  [90m6 |[0m ...tools = [
  [90m7 |[0m ...me: [32m"Meta Ads"[0m, icon: <[33mTarget[0m className=[32m"w-6 h-6"[0m /> },

The export Figma was not found in module [project]/node_modules/lucide-react/dist/esm/lucide-react.mjs [app-ssr] 
(ecmascript).
Did you mean to import Sigma?
All exports of the module are statically known (It doesn't have dynamic exports). So it's known statically that the 
requested export doesn't exist.

Import trace:
  Server Component:
    ./src/components/ToolsGrid.tsx
    ./src/app/page.tsx


./src/components/CaseStudies.tsx:4:1
Export Instagram doesn't exist in target module
  [90m2 |[0m
  [90m3 |[0m [36mimport[0m { motion } [36mfrom[0m [32m"framer-motion"[0m;
[31m[1m>[0m [90m4 |[0m [36mimport[0m { [33mArrowUpRight[0m, [33mInstagram[0m, [33mLinkedin[0m, 
[33mTwitter[0m, [33mYoutube[0m } [36mfrom[0m [32m"lucide-react"[0m;
  [90m  |[0m [31m[1m^^^^^^^^^^^^^^^^^^^^^^^^^^^^^^^^^^^^^^^^^^^^^^^^^^^^^^^^^^^^^^^^^^^^^^^^^^^^^^^^^^^[0m
  [90m5 |[0m
  [90m6 |[0m [36mconst[0m caseStudies = [
  [90m7 |[0m   {

The export Instagram was not found in module [project]/node_modules/lucide-react/dist/esm/lucide-react.mjs 
[app-client] (ecmascript).
Did you mean to import Star?
All exports of the module are statically known (It doesn't have dynamic exports). So it's known statically that the 
requested export doesn't exist.

Import trace:
  Server Component:
    ./src/components/CaseStudies.tsx
    ./src/app/page.tsx


./src/components/CaseStudies.tsx:4:1
Export Instagram doesn't exist in target module
  [90m2 |[0m
  [90m3 |[0m [36mimport[0m { motion } [36mfrom[0m [32m"framer-motion"[0m;
[31m[1m>[0m [90m4 |[0m [36mimport[0m { [33mArrowUpRight[0m, [33mInstagram[0m, [33mLinkedin[0m, 
[33mTwitter[0m, [33mYoutube[0m } [36mfrom[0m [32m"lucide-react"[0m;
  [90m  |[0m [31m[1m^^^^^^^^^^^^^^^^^^^^^^^^^^^^^^^^^^^^^^^^^^^^^^^^^^^^^^^^^^^^^^^^^^^^^^^^^^^^^^^^^^^[0m
  [90m5 |[0m
  [90m6 |[0m [36mconst[0m caseStudies = [
  [90m7 |[0m   {

The export Instagram was not found in module [project]/node_modules/lucide-react/dist/esm/lucide-react.mjs [app-ssr] 
(ecmascript).
Did you mean to import Star?
All exports of the module are statically known (It doesn't have dynamic exports). So it's known statically that the 
requested export doesn't exist.

Import trace:
  Server Component:
    ./src/components/CaseStudies.tsx
    ./src/app/page.tsx


./src/components/Contact.tsx:4:1
Export Instagram doesn't exist in target module
  [90m2 |[0m
  [90m3 |[0m [36mimport[0m { motion } [36mfrom[0m [32m"framer-motion"[0m;
[31m[1m>[0m [90m4 |[0m [36mimport[0m { [33mInstagram[0m, [33mLinkedin[0m, [33mMail[0m, [33mTwitter[0m } 
[36mfrom[0m [32m"lucide-react"[0m;
  [90m  |[0m [31m[1m^^^^^^^^^^^^^^^^^^^^^^^^^^^^^^^^^^^^^^^^^^^^^^^^^^^^^^^^^^^^^^^^^^[0m
  [90m5 |[0m
  [90m6 |[0m [36mexport[0m [36mdefault[0m [36mfunction[0m [33mContact[0m() {
  [90m7 |[0m   [36mreturn[0m (

The export Instagram was not found in module [project]/node_modules/lucide-react/dist/esm/lucide-react.mjs 
[app-client] (ecmascript).
Did you mean to import Star?
All exports of the module are statically known (It doesn't have dynamic exports). So it's known statically that the 
requested export doesn't exist.

Import trace:
  Server Component:
    ./src/components/Contact.tsx
    ./src/app/page.tsx


./src/components/Contact.tsx:4:1
Export Instagram doesn't exist in target module
  [90m2 |[0m
  [90m3 |[0m [36mimport[0m { motion } [36mfrom[0m [32m"framer-motion"[0m;
[31m[1m>[0m [90m4 |[0m [36mimport[0m { [33mInstagram[0m, [33mLinkedin[0m, [33mMail[0m, [33mTwitter[0m } 
[36mfrom[0m [32m"lucide-react"[0m;
  [90m  |[0m [31m[1m^^^^^^^^^^^^^^^^^^^^^^^^^^^^^^^^^^^^^^^^^^^^^^^^^^^^^^^^^^^^^^^^^^[0m
  [90m5 |[0m
  [90m6 |[0m [36mexport[0m [36mdefault[0m [36mfunction[0m [33mContact[0m() {
  [90m7 |[0m   [36mreturn[0m (

The export Instagram was not found in module [project]/node_modules/lucide-react/dist/esm/lucide-react.mjs [app-ssr] 
(ecmascript).
Did you mean to import Star?
All exports of the module are statically known (It doesn't have dynamic exports). So it's known statically that the 
requested export doesn't exist.

Import trace:
  Server Component:
    ./src/components/Contact.tsx
    ./src/app/page.tsx


./src/components/CaseStudies.tsx:4:1
Export Linkedin doesn't exist in target module
  [90m2 |[0m
  [90m3 |[0m [36mimport[0m { motion } [36mfrom[0m [32m"framer-motion"[0m;
[31m[1m>[0m [90m4 |[0m [36mimport[0m { [33mArrowUpRight[0m, [33mInstagram[0m, [33mLinkedin[0m, 
[33mTwitter[0m, [33mYoutube[0m } [36mfrom[0m [32m"lucide-react"[0m;
  [90m  |[0m [31m[1m^^^^^^^^^^^^^^^^^^^^^^^^^^^^^^^^^^^^^^^^^^^^^^^^^^^^^^^^^^^^^^^^^^^^^^^^^^^^^^^^^^^[0m
  [90m5 |[0m
  [90m6 |[0m [36mconst[0m caseStudies = [
  [90m7 |[0m   {

The export Linkedin was not found in module [project]/node_modules/lucide-react/dist/esm/lucide-react.mjs [app-client] 
(ecmascript).
Did you mean to import Link?
All exports of the module are statically known (It doesn't have dynamic exports). So it's known statically that the 
requested export doesn't exist.

Import trace:
  Server Component:
    ./src/components/CaseStudies.tsx
    ./src/app/page.tsx


./src/components/CaseStudies.tsx:4:1
Export Linkedin doesn't exist in target module
  [90m2 |[0m
  [90m3 |[0m [36mimport[0m { motion } [36mfrom[0m [32m"framer-motion"[0m;
[31m[1m>[0m [90m4 |[0m [36mimport[0m { [33mArrowUpRight[0m, [33mInstagram[0m, [33mLinkedin[0m, 
[33mTwitter[0m, [33mYoutube[0m } [36mfrom[0m [32m"lucide-react"[0m;
  [90m  |[0m [31m[1m^^^^^^^^^^^^^^^^^^^^^^^^^^^^^^^^^^^^^^^^^^^^^^^^^^^^^^^^^^^^^^^^^^^^^^^^^^^^^^^^^^^[0m
  [90m5 |[0m
  [90m6 |[0m [36mconst[0m caseStudies = [
  [90m7 |[0m   {

The export Linkedin was not found in module [project]/node_modules/lucide-react/dist/esm/lucide-react.mjs [app-ssr] 
(ecmascript).
Did you mean to import Link?
All exports of the module are statically known (It doesn't have dynamic exports). So it's known statically that the 
requested export doesn't exist.

Import trace:
  Server Component:
    ./src/components/CaseStudies.tsx
    ./src/app/page.tsx


./src/components/Contact.tsx:4:1
Export Linkedin doesn't exist in target module
  [90m2 |[0m
  [90m3 |[0m [36mimport[0m { motion } [36mfrom[0m [32m"framer-motion"[0m;
[31m[1m>[0m [90m4 |[0m [36mimport[0m { [33mInstagram[0m, [33mLinkedin[0m, [33mMail[0m, [33mTwitter[0m } 
[36mfrom[0m [32m"lucide-react"[0m;
  [90m  |[0m [31m[1m^^^^^^^^^^^^^^^^^^^^^^^^^^^^^^^^^^^^^^^^^^^^^^^^^^^^^^^^^^^^^^^^^^[0m
  [90m5 |[0m
  [90m6 |[0m [36mexport[0m [36mdefault[0m [36mfunction[0m [33mContact[0m() {
  [90m7 |[0m   [36mreturn[0m (

The export Linkedin was not found in module [project]/node_modules/lucide-react/dist/esm/lucide-react.mjs [app-client] 
(ecmascript).
Did you mean to import Link?
All exports of the module are statically known (It doesn't have dynamic exports). So it's known statically that the 
requested export doesn't exist.

Import trace:
  Server Component:
    ./src/components/Contact.tsx
    ./src/app/page.tsx


./src/components/Contact.tsx:4:1
Export Linkedin doesn't exist in target module
  [90m2 |[0m
  [90m3 |[0m [36mimport[0m { motion } [36mfrom[0m [32m"framer-motion"[0m;
[31m[1m>[0m [90m4 |[0m [36mimport[0m { [33mInstagram[0m, [33mLinkedin[0m, [33mMail[0m, [33mTwitter[0m } 
[36mfrom[0m [32m"lucide-react"[0m;
  [90m  |[0m [31m[1m^^^^^^^^^^^^^^^^^^^^^^^^^^^^^^^^^^^^^^^^^^^^^^^^^^^^^^^^^^^^^^^^^^[0m
  [90m5 |[0m
  [90m6 |[0m [36mexport[0m [36mdefault[0m [36mfunction[0m [33mContact[0m() {
  [90m7 |[0m   [36mreturn[0m (

The export Linkedin was not found in module [project]/node_modules/lucide-react/dist/esm/lucide-react.mjs [app-ssr] 
(ecmascript).
Did you mean to import Link?
All exports of the module are statically known (It doesn't have dynamic exports). So it's known statically that the 
requested export doesn't exist.

Import trace:
  Server Component:
    ./src/components/Contact.tsx
    ./src/app/page.tsx


./src/components/ToolsGrid.tsx:4:1
Export Linkedin doesn't exist in target module
  [90m2 |[0m ...
  [90m3 |[0m ... { motion } [36mfrom[0m [32m"framer-motion"[0m;
[31m[1m>[0m [90m4 |[0m ... { [33mBarChart3[0m, [33mFigma[0m, [33mLayers[0m, [33mLinkedin[0m, 
[33mPalette[0m, [33mTarget[0m, [33mVideo[0m, [33mBookOpen[0m } [36mfrom[0m [32m"lucide-r...[0m
  [90m  |[0m    
[31m[1m^^^^^^^^^^^^^^^^^^^^^^^^^^^^^^^^^^^^^^^^^^^^^^^^^^^^^^^^^^^^^^^^^^^^^^^^^^^^^^^^^^^^^^^^^^^[0m
  [90m5 |[0m ...
  [90m6 |[0m ...tools = [
  [90m7 |[0m ...me: [32m"Meta Ads"[0m, icon: <[33mTarget[0m className=[32m"w-6 h-6"[0m /> },

The export Linkedin was not found in module [project]/node_modules/lucide-react/dist/esm/lucide-react.mjs [app-client] 
(ecmascript).
Did you mean to import Link?
All exports of the module are statically known (It doesn't have dynamic exports). So it's known statically that the 
requested export doesn't exist.

Import trace:
  Server Component:
    ./src/components/ToolsGrid.tsx
    ./src/app/page.tsx


./src/components/ToolsGrid.tsx:4:1
Export Linkedin doesn't exist in target module
  [90m2 |[0m ...
  [90m3 |[0m ... { motion } [36mfrom[0m [32m"framer-motion"[0m;
[31m[1m>[0m [90m4 |[0m ... { [33mBarChart3[0m, [33mFigma[0m, [33mLayers[0m, [33mLinkedin[0m, 
[33mPalette[0m, [33mTarget[0m, [33mVideo[0m, [33mBookOpen[0m } [36mfrom[0m [32m"lucide-r...[0m
  [90m  |[0m    
[31m[1m^^^^^^^^^^^^^^^^^^^^^^^^^^^^^^^^^^^^^^^^^^^^^^^^^^^^^^^^^^^^^^^^^^^^^^^^^^^^^^^^^^^^^^^^^^^[0m
  [90m5 |[0m ...
  [90m6 |[0m ...tools = [
  [90m7 |[0m ...me: [32m"Meta Ads"[0m, icon: <[33mTarget[0m className=[32m"w-6 h-6"[0m /> },

The export Linkedin was not found in module [project]/node_modules/lucide-react/dist/esm/lucide-react.mjs [app-ssr] 
(ecmascript).
Did you mean to import Link?
All exports of the module are statically known (It doesn't have dynamic exports). So it's known statically that the 
requested export doesn't exist.

Import trace:
  Server Component:
    ./src/components/ToolsGrid.tsx
    ./src/app/page.tsx


./src/components/Contact.tsx:4:1
Export Twitter doesn't exist in target module
  [90m2 |[0m
  [90m3 |[0m [36mimport[0m { motion } [36mfrom[0m [32m"framer-motion"[0m;
[31m[1m>[0m [90m4 |[0m [36mimport[0m { [33mInstagram[0m, [33mLinkedin[0m, [33mMail[0m, [33mTwitter[0m } 
[36mfrom[0m [32m"lucide-react"[0m;
  [90m  |[0m [31m[1m^^^^^^^^^^^^^^^^^^^^^^^^^^^^^^^^^^^^^^^^^^^^^^^^^^^^^^^^^^^^^^^^^^[0m
  [90m5 |[0m
  [90m6 |[0m [36mexport[0m [36mdefault[0m [36mfunction[0m [33mContact[0m() {
  [90m7 |[0m   [36mreturn[0m (

The export Twitter was not found in module [project]/node_modules/lucide-react/dist/esm/lucide-react.mjs [app-client] 
(ecmascript).
Did you mean to import Timer?
All exports of the module are statically known (It doesn't have dynamic exports). So it's known statically that the 
requested export doesn't exist.

Import trace:
  Server Component:
    ./src/components/Contact.tsx
    ./src/app/page.tsx


./src/components/Contact.tsx:4:1
Export Twitter doesn't exist in target module
  [90m2 |[0m
  [90m3 |[0m [36mimport[0m { motion } [36mfrom[0m [32m"framer-motion"[0m;
[31m[1m>[0m [90m4 |[0m [36mimport[0m { [33mInstagram[0m, [33mLinkedin[0m, [33mMail[0m, [33mTwitter[0m } 
[36mfrom[0m [32m"lucide-react"[0m;
  [90m  |[0m [31m[1m^^^^^^^^^^^^^^^^^^^^^^^^^^^^^^^^^^^^^^^^^^^^^^^^^^^^^^^^^^^^^^^^^^[0m
  [90m5 |[0m
  [90m6 |[0m [36mexport[0m [36mdefault[0m [36mfunction[0m [33mContact[0m() {
  [90m7 |[0m   [36mreturn[0m (

The export Twitter was not found in module [project]/node_modules/lucide-react/dist/esm/lucide-react.mjs [app-ssr] 
(ecmascript).
Did you mean to import Timer?
All exports of the module are statically known (It doesn't have dynamic exports). So it's known statically that the 
requested export doesn't exist.

Import trace:
  Server Component:
    ./src/components/Contact.tsx
    ./src/app/page.tsx


./src/components/CaseStudies.tsx:4:1
Export Youtube doesn't exist in target module
  [90m2 |[0m
  [90m3 |[0m [36mimport[0m { motion } [36mfrom[0m [32m"framer-motion"[0m;
[31m[1m>[0m [90m4 |[0m [36mimport[0m { [33mArrowUpRight[0m, [33mInstagram[0m, [33mLinkedin[0m, 
[33mTwitter[0m, [33mYoutube[0m } [36mfrom[0m [32m"lucide-react"[0m;
  [90m  |[0m [31m[1m^^^^^^^^^^^^^^^^^^^^^^^^^^^^^^^^^^^^^^^^^^^^^^^^^^^^^^^^^^^^^^^^^^^^^^^^^^^^^^^^^^^[0m
  [90m5 |[0m
  [90m6 |[0m [36mconst[0m caseStudies = [
  [90m7 |[0m   {

The export Youtube was not found in module [project]/node_modules/lucide-react/dist/esm/lucide-react.mjs [app-client] 
(ecmascript).
Did you mean to import Route?
All exports of the module are statically known (It doesn't have dynamic exports). So it's known statically that the 
requested export doesn't exist.

Import trace:
  Server Component:
    ./src/components/CaseStudies.tsx
    ./src/app/page.tsx


./src/components/CaseStudies.tsx:4:1
Export Youtube doesn't exist in target module
  [90m2 |[0m
  [90m3 |[0m [36mimport[0m { motion } [36mfrom[0m [32m"framer-motion"[0m;
[31m[1m>[0m [90m4 |[0m [36mimport[0m { [33mArrowUpRight[0m, [33mInstagram[0m, [33mLinkedin[0m, 
[33mTwitter[0m, [33mYoutube[0m } [36mfrom[0m [32m"lucide-react"[0m;
  [90m  |[0m [31m[1m^^^^^^^^^^^^^^^^^^^^^^^^^^^^^^^^^^^^^^^^^^^^^^^^^^^^^^^^^^^^^^^^^^^^^^^^^^^^^^^^^^^[0m
  [90m5 |[0m
  [90m6 |[0m [36mconst[0m caseStudies = [
  [90m7 |[0m   {

The export Youtube was not found in module [project]/node_modules/lucide-react/dist/esm/lucide-react.mjs [app-ssr] 
(ecmascript).
Did you mean to import Route?
All exports of the module are statically known (It doesn't have dynamic exports). So it's known statically that the 
requested export doesn't exist.

Import trace:
  Server Component:
    ./src/components/CaseStudies.tsx
    ./src/app/page.tsx


    at <unknown> (./src/components/ToolsGrid.tsx:4:1)
    at <unknown> (./src/components/ToolsGrid.tsx:4:1)
    at <unknown> (./src/components/CaseStudies.tsx:4:1)
    at <unknown> (./src/components/CaseStudies.tsx:4:1)
    at <unknown> (./src/components/Contact.tsx:4:1)
    at <unknown> (./src/components/Contact.tsx:4:1)
    at <unknown> (./src/components/CaseStudies.tsx:4:1)
    at <unknown> (./src/components/CaseStudies.tsx:4:1)
    at <unknown> (./src/components/Contact.tsx:4:1)
    at <unknown> (./src/components/Contact.tsx:4:1)
    at <unknown> (./src/components/ToolsGrid.tsx:4:1)
    at <unknown> (./src/components/ToolsGrid.tsx:4:1)
    at <unknown> (./src/components/Contact.tsx:4:1)
    at <unknown> (./src/components/Contact.tsx:4:1)
    at <unknown> (./src/components/CaseStudies.tsx:4:1)
    at <unknown> (./src/components/CaseStudies.tsx:4:1)
